
> kn_box@0.1.0 build
> next build

Γû▓ Next.js 16.2.4 (Turbopack)

  Creating an optimized production build ...
node.exe : Error: Cannot apply unknown utility class `border-border`
At line:1 char:1
+ & "C:\Program Files\nodejs/node.exe" "C:\Users\hi\AppData\Roaming\npm ...
+ ~~~~~~~~~~~~~~~~~~~~~~~~~~~~~~~~~~~~~~~~~~~~~~~~~~~~~~~~~~~~~~~~~~~~~
    + CategoryInfo          : NotSpecified: (Error: Cannot a...`border-border`:String) [], RemoteException
    + FullyQualifiedErrorId : NativeCommandError
 
    [2m[at onInvalidCandidate 
(C:\Users\hi\Desktop\vamshi\KN-BOX\kn_box\node_modules\tailwindcss\dist\lib.js:21:1511)][0m
    [2m[at Ee (C:\Users\hi\Desktop\vamshi\KN-BOX\kn_box\node_modules\tailwindcss\dist\lib.js:16:37066)][0m
    [2m[at C:\Users\hi\Desktop\vamshi\KN-BOX\kn_box\node_modules\tailwindcss\dist\lib.js:21:355][0m
    [2m[at _r (C:\Users\hi\Desktop\vamshi\KN-BOX\kn_box\node_modules\tailwindcss\dist\lib.js:3:1733)][0m
    [2m[at I (C:\Users\hi\Desktop\vamshi\KN-BOX\kn_box\node_modules\tailwindcss\dist\lib.js:3:1377)][0m
    [2m[at Te (C:\Users\hi\Desktop\vamshi\KN-BOX\kn_box\node_modules\tailwindcss\dist\lib.js:21:172)][0m
    [2m[at mn (C:\Users\hi\Desktop\vamshi\KN-BOX\kn_box\node_modules\tailwindcss\dist\lib.js:38:294)][0m
    [2m[at async gn (C:\Users\hi\Desktop\vamshi\KN-BOX\kn_box\node_modules\tailwindcss\dist\lib.js:38:631)][0m
    [2m[at async Xr 
(C:\Users\hi\Desktop\vamshi\KN-BOX\kn_box\node_modules\@tailwindcss\node\dist\index.js:10:3416)][0m
    [2m[at async N 
(C:\Users\hi\Desktop\vamshi\KN-BOX\kn_box\node_modules\@tailwindcss\postcss\dist\index.js:10:3979)][0m

> Build error occurred
Error: Turbopack build failed with 1 errors:
./app/globals.css
Error evaluating Node.js code
CssSyntaxError: tailwindcss: C:\Users\hi\Desktop\vamshi\KN-BOX\kn_box\app\globals.css:1:1: Cannot apply unknown 
utility class `border-border`
    at Input.error (node_modules/postcss/lib/input.js:135:16) 
[C:\Users\hi\Desktop\vamshi\KN-BOX\kn_box\.next\build\chunks\node_modules_13sb.px._.js:4667:22]
    at error (node_modules/postcss/lib/node.js:146:32) 
[C:\Users\hi\Desktop\vamshi\KN-BOX\kn_box\.next\build\chunks\node_modules_13sb.px._.js:943:38]
    [at Object.Once (C:\Users\hi\Desktop\vamshi\KN-BOX\kn_box\node_modules\@tailwindcss\postcss\dist\index.js:10:6913)]
    at async LazyResult.runAsync (node_modules/postcss/lib/lazy-result.js:293:11) 
[C:\Users\hi\Desktop\vamshi\KN-BOX\kn_box\.next\build\chunks\node_modules_13sb.px._.js:6230:21]
    at async transform (turbopack:///[turbopack-node]/transforms/postcss.ts:70:34) 
[C:\Users\hi\Desktop\vamshi\KN-BOX\kn_box\.next\build\chunks\[root-of-the-server]__0d-m0h0._.js:146:36]
    at async run (turbopack:///[turbopack-node]/child_process/evaluate.ts:89:23) 
[C:\Users\hi\Desktop\vamshi\KN-BOX\kn_box\.next\build\chunks\[root-of-the-server]__0ubbtyl._.js:443:31]

Import trace:
  Client Component Browser:
    ./app/globals.css [Client Component Browser]
    ./app/layout.tsx [Server Component]


    at async transform (turbopack:///[turbopack-node]/transforms/postcss.ts:70:34) 
[C:\Users\hi\Desktop\vamshi\KN-BOX\kn_box\.next\build\chunks\[root-of-the-server]__0d-m0h0._.js:146:36])
    at async run (turbopack:///[turbopack-node]/child_process/evaluate.ts:89:23) 
[C:\Users\hi\Desktop\vamshi\KN-BOX\kn_box\.next\build\chunks\[root-of-the-server]__0ubbtyl._.js:443:31])
